../Core/Src/main.c:146:6:Debug_Print	16	static
../Core/Src/main.c:151:6:Check_PC_Command	8	static
../Core/Src/main.c:193:9:MPU6050_Detect	24	static
../Core/Src/main.c:234:6:MPU6050_Init	32	static
../Core/Src/main.c:277:19:MPU6050_Read_All	32	static
../Core/Src/main.c:319:6:MPU6050_Recover_I2C	8	static
../Core/Src/main.c:340:6:UART_Print_IMU	96	static
../Core/Src/main.c:373:6:RPLIDAR_Stop	16	static
../Core/Src/main.c:381:6:RPLIDAR_Clear_UART_Buffer	16	static
../Core/Src/main.c:391:6:RPLIDAR_GetInfo_Test	16	static
../Core/Src/main.c:433:9:RPLIDAR_Start_Scan	16	static
../Core/Src/main.c:481:9:RPLIDAR_Read_Valid_Node	24	static
../Core/Src/main.c:515:6:RPLIDAR_Print_Node	64	static
../Core/Src/main.c:569:5:main	8	static
../Core/Src/main.c:714:6:SystemClock_Config	88	static
../Core/Src/main.c:761:13:MX_I2C1_Init	8	static
../Core/Src/main.c:784:13:MX_USART2_UART_Init	8	static
../Core/Src/main.c:806:13:MX_USART3_UART_Init	8	static
../Core/Src/main.c:828:13:MX_GPIO_Init	48	static
../Core/Src/main.c:863:6:Error_Handler	8	static,ignoring_inline_asm
